  Determinando los proyectos que se van a restaurar...
  Todos los proyectos est├ín actualizados para la restauraci├│n.
  Domain -> C:\Users\User\OneDrive\Escritorio\SplitMoney\Api_SplitMoney\Domain\bin\Debug\net10.0\Domain.dll
  Models -> C:\Users\User\OneDrive\Escritorio\SplitMoney\Api_SplitMoney\Models\bin\Debug\net10.0\Models.dll
C:\Users\User\OneDrive\Escritorio\SplitMoney\Api_SplitMoney\Application\Features\_categories\Commands\CreateCustomCategory\CreateCustomCategoryValidator.cs(13,28): error CS1061: "CreateCustomCategoryCommand" no contiene una definici├│n para "Icon" ni un m├®todo de extensi├│n accesible "Icon" que acepte un primer argumento del tipo "CreateCustomCategoryCommand" (┬┐falta alguna directiva using o una referencia de ensamblado?) [C:\Users\User\OneDrive\Escritorio\SplitMoney\Api_SplitMoney\Application\Application.csproj]
C:\Users\User\OneDrive\Escritorio\SplitMoney\Api_SplitMoney\Application\Features\_categories\Commands\CreateCustomCategory\CreateCustomCategoryValidator.cs(16,28): error CS1061: "CreateCustomCategoryCommand" no contiene una definici├│n para "Color" ni un m├®todo de extensi├│n accesible "Color" que acepte un primer argumento del tipo "CreateCustomCategoryCommand" (┬┐falta alguna directiva using o una referencia de ensamblado?) [C:\Users\User\OneDrive\Escritorio\SplitMoney\Api_SplitMoney\Application\Application.csproj]
C:\Users\User\OneDrive\Escritorio\SplitMoney\Api_SplitMoney\Application\Features\_groups\Commands\CreateGroup\CreateGroupCommandHandler.cs(88,21): error CS0117: 'Expense' no contiene una definici├│n para 'TotalAmount' [C:\Users\User\OneDrive\Escritorio\SplitMoney\Api_SplitMoney\Application\Application.csproj]
C:\Users\User\OneDrive\Escritorio\SplitMoney\Api_SplitMoney\Application\Features\_expenses\Queries\GetSpendingSummary\GetGroupSpendingSummaryQueryHandler.cs(33,53): error CS1061: "Expense" no contiene una definici├│n para "TotalAmount" ni un m├®todo de extensi├│n accesible "TotalAmount" que acepte un primer argumento del tipo "Expense" (┬┐falta alguna directiva using o una referencia de ensamblado?) [C:\Users\User\OneDrive\Escritorio\SplitMoney\Api_SplitMoney\Application\Application.csproj]
C:\Users\User\OneDrive\Escritorio\SplitMoney\Api_SplitMoney\Application\Features\_expenses\Queries\GetSpendingSummary\GetGroupSpendingSummaryQueryHandler.cs(42,48): error CS1061: "Expense" no contiene una definici├│n para "TotalAmount" ni un m├®todo de extensi├│n accesible "TotalAmount" que acepte un primer argumento del tipo "Expense" (┬┐falta alguna directiva using o una referencia de ensamblado?) [C:\Users\User\OneDrive\Escritorio\SplitMoney\Api_SplitMoney\Application\Application.csproj]
C:\Users\User\OneDrive\Escritorio\SplitMoney\Api_SplitMoney\Application\Features\_expenses\Queries\GetSpendingSummary\GetGroupSpendingSummaryQueryHandler.cs(43,56): error CS1061: "Expense" no contiene una definici├│n para "TotalAmount" ni un m├®todo de extensi├│n accesible "TotalAmount" que acepte un primer argumento del tipo "Expense" (┬┐falta alguna directiva using o una referencia de ensamblado?) [C:\Users\User\OneDrive\Escritorio\SplitMoney\Api_SplitMoney\Application\Application.csproj]
C:\Users\User\OneDrive\Escritorio\SplitMoney\Api_SplitMoney\Application\Features\_expenses\Queries\GetGroupExport\GetGroupExportQueryHandler.cs(71,126): error CS1061: "Expense" no contiene una definici├│n para "TotalAmount" ni un m├®todo de extensi├│n accesible "TotalAmount" que acepte un primer argumento del tipo "Expense" (┬┐falta alguna directiva using o una referencia de ensamblado?) [C:\Users\User\OneDrive\Escritorio\SplitMoney\Api_SplitMoney\Application\Application.csproj]

ERROR al compilar.

C:\Users\User\OneDrive\Escritorio\SplitMoney\Api_SplitMoney\Application\Features\_categories\Commands\CreateCustomCategory\CreateCustomCategoryValidator.cs(13,28): error CS1061: "CreateCustomCategoryCommand" no contiene una definici├│n para "Icon" ni un m├®todo de extensi├│n accesible "Icon" que acepte un primer argumento del tipo "CreateCustomCategoryCommand" (┬┐falta alguna directiva using o una referencia de ensamblado?) [C:\Users\User\OneDrive\Escritorio\SplitMoney\Api_SplitMoney\Application\Application.csproj]
C:\Users\User\OneDrive\Escritorio\SplitMoney\Api_SplitMoney\Application\Features\_categories\Commands\CreateCustomCategory\CreateCustomCategoryValidator.cs(16,28): error CS1061: "CreateCustomCategoryCommand" no contiene una definici├│n para "Color" ni un m├®todo de extensi├│n accesible "Color" que acepte un primer argumento del tipo "CreateCustomCategoryCommand" (┬┐falta alguna directiva using o una referencia de ensamblado?) [C:\Users\User\OneDrive\Escritorio\SplitMoney\Api_SplitMoney\Application\Application.csproj]
C:\Users\User\OneDrive\Escritorio\SplitMoney\Api_SplitMoney\Application\Features\_groups\Commands\CreateGroup\CreateGroupCommandHandler.cs(88,21): error CS0117: 'Expense' no contiene una definici├│n para 'TotalAmount' [C:\Users\User\OneDrive\Escritorio\SplitMoney\Api_SplitMoney\Application\Application.csproj]
C:\Users\User\OneDrive\Escritorio\SplitMoney\Api_SplitMoney\Application\Features\_expenses\Queries\GetSpendingSummary\GetGroupSpendingSummaryQueryHandler.cs(33,53): error CS1061: "Expense" no contiene una definici├│n para "TotalAmount" ni un m├®todo de extensi├│n accesible "TotalAmount" que acepte un primer argumento del tipo "Expense" (┬┐falta alguna directiva using o una referencia de ensamblado?) [C:\Users\User\OneDrive\Escritorio\SplitMoney\Api_SplitMoney\Application\Application.csproj]
C:\Users\User\OneDrive\Escritorio\SplitMoney\Api_SplitMoney\Application\Features\_expenses\Queries\GetSpendingSummary\GetGroupSpendingSummaryQueryHandler.cs(42,48): error CS1061: "Expense" no contiene una definici├│n para "TotalAmount" ni un m├®todo de extensi├│n accesible "TotalAmount" que acepte un primer argumento del tipo "Expense" (┬┐falta alguna directiva using o una referencia de ensamblado?) [C:\Users\User\OneDrive\Escritorio\SplitMoney\Api_SplitMoney\Application\Application.csproj]
C:\Users\User\OneDrive\Escritorio\SplitMoney\Api_SplitMoney\Application\Features\_expenses\Queries\GetSpendingSummary\GetGroupSpendingSummaryQueryHandler.cs(43,56): error CS1061: "Expense" no contiene una definici├│n para "TotalAmount" ni un m├®todo de extensi├│n accesible "TotalAmount" que acepte un primer argumento del tipo "Expense" (┬┐falta alguna directiva using o una referencia de ensamblado?) [C:\Users\User\OneDrive\Escritorio\SplitMoney\Api_SplitMoney\Application\Application.csproj]
C:\Users\User\OneDrive\Escritorio\SplitMoney\Api_SplitMoney\Application\Features\_expenses\Queries\GetGroupExport\GetGroupExportQueryHandler.cs(71,126): error CS1061: "Expense" no contiene una definici├│n para "TotalAmount" ni un m├®todo de extensi├│n accesible "TotalAmount" que acepte un primer argumento del tipo "Expense" (┬┐falta alguna directiva using o una referencia de ensamblado?) [C:\Users\User\OneDrive\Escritorio\SplitMoney\Api_SplitMoney\Application\Application.csproj]
    0 Advertencia(s)
    7 Errores

Tiempo transcurrido 00:00:02.46
